00000002
00000000
00000010
00000000
00000010
00000000
00000003
00000000
00000004
00000000
89abcdef
01234567
76543210
fedcba98
89abcdef
01234567
76543210
fedcba98
89abcdef
01234567
76543210
fedcba98
89abcdef
01234567
76543210
fedcba98
abcdf011
12345678
ba987654
320fedcb
89abe023
01234567
76544444
fedcba98
89abcdf6
01234567
76543217
fedcba98
76544445
fedcba98
89abe024
01234567
76543216
fedcba98
89abcdf5
01234567
0b60a28c
b60b60b6
f49f4b40
49f49f49
00220022
01010101
44440000
32103210
0000000c
00000000
00000000
00000000
ababefef
11335577
76547654
ffffbbbb
76543210
fedcba98
89abcdef
01234567
4d5e6f78
091a2b3c
b2a19080
f6e5d4c3
3579bde0
2468acf1
ca864200
db97530e
e26af37b
0048d159
1d950c84
3fb72ea6
3c4d5e6f
00091a2b
c3b2a190
07f6e5d4
00000009
00000000
00000009
00000000
000055aa
00000000
000055aa
00000000
89abcdef
01234567
76543210
fedcba98
89abcdef
01234567
00000077
00000000
00000000
00000000
00000000
00000000
00000001
00000000
00000000
00000000
00000000
00000000
00000003
00000000
00000000
00000000
00000003
00000000
00000000
00000000
00000000
00000000
00000003
00000000
76543210
fedcba98
22222222
11111111
76543210
fedcba98
89abcdef
01234567
76543210
fedcba98
76543210
fedcba98
00000000
00000000
ffffffff
ffffffff
00000000
00000000
ffffffff
ffffffff
00000000
00000000
abcdf011
00000000
12345678
00000000
cdf01233
00000000
23456789
00000000
0abcdf01
01234567
0ba98765
1320fedc
ffffcdef
ffffffff
ffff89ab
ffffffff
89abcdef
00000000
01234567
00000000
89abcdef
01234567
76543210
fedcba98
89abcdef
01234567
76543210
fedcba98
fedc2222
00000000
654320fe
00000001
00000000
00000000
00000000
00000000
00000000
00000000
00000000
00000000
00000000
00000000
00000000
00000000
00000000
00000000
00000000
00000000
00000000
00000000
00000000
00000000
00000000
00000000
00000000
00000000
00000000
00000000
00000000
00000000
00000000
00000000
00000000
00000000
00000000
00000000
00000000
00000000
00000000
00000000
00000000
00000000
00000000
00000000
00000000
00000000
00000000
00000000
00000000
00000000
00000000
00000000
00000000
00000000
00000000
00000000
00000000
00000000
00000000
00000000
00000000
00000000
00000000
00000000
00000000
00000000
00000000
00000000
00000000
00000000
00000000
00000000
00000000
00000000
00000000
00000000
00000000
00000000
00000000
00000000
00000000
00000000
00000000
00000000
